<testsuites>
    <testsuite name="Project Test Suite">
        <directory>tests</directory>
    </testsuite>
</testsuites>
